// Jest Snapshot v1, https://goo.gl/fbAQLP

exports[`Button renders correctly 1`] = `
<button
  className="button"
  disabled={false}
  onClick={[Function]}
  type="button"
>
  Button
</button>
`;
